/Users/musicersho/Image Reverb/.venv/lib/python3.9/site-packages/urllib3/__init__.py:35: NotOpenSSLWarning: urllib3 v2 only supports OpenSSL 1.1.1+, currently the 'ssl' module is compiled with 'LibreSSL 2.8.3'. See: https://github.com/urllib3/urllib3/issues/3020
  warnings.warn(
/Users/musicersho/Image Reverb/.venv/lib/python3.9/site-packages/transformers/image_processing_base.py:417: UserWarning: The following named arguments are not valid for `SegformerImageProcessor.__init__` and were ignored: 'feature_extractor_type', 'reduce_labels'
  image_processor = cls(**image_processor_dict)
Using a slow image processor as `use_fast` is unset and a slow processor was saved with this model. `use_fast=True` will be the default behavior in v4.52, even if the model was saved with a slow processor. This will result in minor differences in outputs. You'll still be able to use a slow processor with `use_fast=False`.
Using a slow image processor as `use_fast` is unset and a slow processor was saved with this model. `use_fast=True` will be the default behavior in v4.52, even if the model was saved with a slow processor. This will result in minor differences in outputs. You'll still be able to use a slow processor with `use_fast=False`.
Device set to use mps:0
⚠️  已指定 --force-low-confidence：overall confidence 為 low（geometry=low, materials=low），仍強制輸出，結果可信度未知，請自行評估。
=== 照片：assets/reference_irs/cathedral_room_shasta_lake_caverns/CathedralRoom.jpg ===
環景判定：是
--- T-12 逐表面材質辨識 ---
  west     → gypsum_board    （來源：fallback）
  east     → gypsum_board    （來源：fallback）
  south    → gypsum_board    （來源：out_of_domain）
  north    → gypsum_board    （來源：fallback）
  floor    → gypsum_board    （來源：fallback）
  ceiling  → gypsum_board    （來源：out_of_domain）
--- T-11 幾何估計 ---
  房間尺寸：8.42×14.14×4.97 m（dims_source=equirect_multiview）
  confidence：geometry=low, materials=low, overall=low
--- T-13 聲學參數 ---
  Sabine 目標 RT60：[0.71, 2.03, 3.88, 4.57, 2.62, 1.86] s
--- T-14 IR 合成 ---
已輸出：ir_mono.wav、ir_stereo.wav、analysis.json → /Users/musicersho/Image Reverb/output/CathedralRoom
🎧 試聽檔：/Users/musicersho/Image Reverb/output/CathedralRoom/wet_preview.wav（mix=0.6；數字合理 ≠ 聽起來對，請實聽）
  ⚠️ 超出已驗證量程（適用範圍 ≤10m；width_m=14.1m）——metric depth 模型實證天花板約 20m，且量程壓縮在天花板之前就開始（走廊實際 30m 被壓成 12.8m），超過此門檻的估值無法區分「真的 10–20m」與「被壓縮的 30m+」，數字不可信 → confidence: low。建議用 --override-dims 指定實際尺寸，或改用 360° 環景照片輸入。
  ⚠️ [az000_el00] floor：CLIP 認為這塊區域最像「person」（機率 0.44）而非任何建築材質——模型認不出這是建築表面，改用 fallback 'gypsum_board'。這個空間的材質判定不可信，請人工用 --materials 覆寫。
  ⚠️ [az000_el00] ceiling：CLIP top-1 機率 0.23 低於門檻 0.4，改用 fallback 'gypsum_board'
  ⚠️ [az000_el00] wall：CLIP top-1 機率 0.26 低於門檻 0.4，改用 fallback 'gypsum_board'
  ⚠️ [az090_el00] floor：CLIP 認為這塊區域最像「object_closeup」（機率 0.34）而非任何建築材質——模型認不出這是建築表面，改用 fallback 'gypsum_board'。這個空間的材質判定不可信，請人工用 --materials 覆寫。
  ⚠️ [az090_el00] ceiling：CLIP top-1 機率 0.29 低於門檻 0.4，改用 fallback 'gypsum_board'
  ⚠️ [az090_el00] wall：CLIP top-1 機率 0.28 低於門檻 0.4，改用 fallback 'gypsum_board'
  ⚠️ [az180_el00] floor：CLIP top-1 機率 0.22 低於門檻 0.4，改用 fallback 'gypsum_board'
  ⚠️ [az180_el00] ceiling：CLIP top-1 機率 0.20 低於門檻 0.4，改用 fallback 'gypsum_board'
  ⚠️ [az180_el00] wall：CLIP 認為這塊區域最像「person」（機率 0.81）而非任何建築材質——模型認不出這是建築表面，改用 fallback 'gypsum_board'。這個空間的材質判定不可信，請人工用 --materials 覆寫。
  ⚠️ [az270_el00] floor：CLIP 認為這塊區域最像「person」（機率 0.52）而非任何建築材質——模型認不出這是建築表面，改用 fallback 'gypsum_board'。這個空間的材質判定不可信，請人工用 --materials 覆寫。
  ⚠️ [az270_el00] ceiling：CLIP 認為這塊區域最像「person」（機率 0.62）而非任何建築材質——模型認不出這是建築表面，改用 fallback 'gypsum_board'。這個空間的材質判定不可信，請人工用 --materials 覆寫。
  ⚠️ [az270_el00] wall：CLIP top-1 機率 0.23 低於門檻 0.4，改用 fallback 'gypsum_board'
  ⚠️ [el+45] ceiling：CLIP 認為這塊區域最像「person」（機率 0.56）而非任何建築材質——模型認不出這是建築表面，改用 fallback 'gypsum_board'。這個空間的材質判定不可信，請人工用 --materials 覆寫。
  ⚠️ [el-45] floor：CLIP top-1 機率 0.34 低於門檻 0.4，改用 fallback 'gypsum_board'
  ⚠️ [el-45] ceiling：CLIP top-1 機率 0.31 低於門檻 0.4，改用 fallback 'gypsum_board'
  ⚠️ [el-45] wall：CLIP top-1 機率 0.26 低於門檻 0.4，改用 fallback 'gypsum_board'
  ⚠️ 六個面被判成同一種材質——這是約束 A 要避免的退化情況，請人工檢查／用 --materials 覆寫。
  ⚠️ 125 Hz 量測 T30 1.959s 與目標 0.709s 誤差 +176.1%，超出 ±20%
  ⚠️ 250 Hz 量測 T30 3.327s 與目標 2.030s 誤差 +63.9%，超出 ±20%
  ⚠️ 2000 Hz 量測 T30 3.143s 與目標 2.619s 誤差 +20.0%，超出 ±20%
  ⚠️ 已指定 --force-low-confidence：overall confidence 為 low（geometry=low, materials=low），使用者強制輸出，結果可信度未知。

exit=0
