/Users/musicersho/Image Reverb/.venv/lib/python3.9/site-packages/urllib3/__init__.py:35: NotOpenSSLWarning: urllib3 v2 only supports OpenSSL 1.1.1+, currently the 'ssl' module is compiled with 'LibreSSL 2.8.3'. See: https://github.com/urllib3/urllib3/issues/3020
  warnings.warn(
/Users/musicersho/Image Reverb/.venv/lib/python3.9/site-packages/transformers/image_processing_base.py:417: UserWarning: The following named arguments are not valid for `SegformerImageProcessor.__init__` and were ignored: 'feature_extractor_type', 'reduce_labels'
  image_processor = cls(**image_processor_dict)
Using a slow image processor as `use_fast` is unset and a slow processor was saved with this model. `use_fast=True` will be the default behavior in v4.52, even if the model was saved with a slow processor. This will result in minor differences in outputs. You'll still be able to use a slow processor with `use_fast=False`.
Using a slow image processor as `use_fast` is unset and a slow processor was saved with this model. `use_fast=True` will be the default behavior in v4.52, even if the model was saved with a slow processor. This will result in minor differences in outputs. You'll still be able to use a slow processor with `use_fast=False`.
Device set to use mps:0
⚠️  已指定 --force-low-confidence：overall confidence 為 low（geometry=low, materials=medium），仍強制輸出，結果可信度未知，請自行評估。
=== 照片：assets/reference_irs/divorce_beach/DivorceBeach.jpg ===
環景判定：是
--- T-12 逐表面材質辨識 ---
  west     → gypsum_board    （來源：-）
  east     → gypsum_board    （來源：-）
  south    → gypsum_board    （來源：-）
  north    → gypsum_board    （來源：-）
  floor    → concrete        （來源：clip）
  ceiling  → gypsum_board    （來源：-）
--- T-11 幾何估計 ---
  房間尺寸：16.79×14.71×8.83 m（dims_source=equirect_multiview）
  confidence：geometry=low, materials=medium, overall=low
--- T-13 聲學參數 ---
  Sabine 目標 RT60：[1.49, 4.11, 6.98, 7.67, 4.62, 3.04] s
--- T-14 IR 合成 ---
已輸出：ir_mono.wav、ir_stereo.wav、analysis.json → /Users/musicersho/Image Reverb/output/DivorceBeach
🎧 試聽檔：/Users/musicersho/Image Reverb/output/DivorceBeach/wet_preview.wav（mix=0.6；數字合理 ≠ 聽起來對，請實聽）
  ⚠️ 超出已驗證量程（適用範圍 ≤10m；az180_el00=11.2m、el+45=10.0m、length_m=16.8m、width_m=14.7m）——metric depth 模型實證天花板約 20m，且量程壓縮在天花板之前就開始（走廊實際 30m 被壓成 12.8m），超過此門檻的估值無法區分「真的 10–20m」與「被壓縮的 30m+」，數字不可信 → confidence: low。建議用 --override-dims 指定實際尺寸，或改用 360° 環景照片輸入。
  ⚠️ [az000_el00] 分割結果有 4.7% 的像素被判成 'sky'（室外類別）。若這是室內空間，代表模型在猜，整張圖的材質判定都要打折看待（T-06 防呆規則）。
  ⚠️ [az000_el00] floor：CLIP top-1 機率 0.37 低於門檻 0.4，改用 fallback 'gypsum_board'
  ⚠️ [az000_el00] 沒有偵測到足夠大的 wall 區域，north 面保持預設材質
  ⚠️ [az090_el00] 分割結果有 28.9% 的像素被判成 'sky'（室外類別）。若這是室內空間，代表模型在猜，整張圖的材質判定都要打折看待（T-06 防呆規則）。
  ⚠️ [az090_el00] 沒有偵測到足夠大的 wall 區域，east 面保持預設材質
  ⚠️ [az180_el00] 分割結果有 42.6% 的像素被判成 'sky'（室外類別）。若這是室內空間，代表模型在猜，整張圖的材質判定都要打折看待（T-06 防呆規則）。
  ⚠️ [az180_el00] 沒有偵測到足夠大的 wall 區域，south 面保持預設材質
  ⚠️ [az270_el00] 分割結果有 14.7% 的像素被判成 'sky'（室外類別）。若這是室內空間，代表模型在猜，整張圖的材質判定都要打折看待（T-06 防呆規則）。
  ⚠️ [az270_el00] 沒有偵測到足夠大的 wall 區域，west 面保持預設材質
  ⚠️ [el+45] 分割結果有 48.6% 的像素被判成 'sky'（室外類別）。若這是室內空間，代表模型在猜，整張圖的材質判定都要打折看待（T-06 防呆規則）。
  ⚠️ [el+45] 沒有偵測到足夠大的 ceiling 區域，ceiling 面保持預設材質
  ⚠️ 125 Hz 量測 T30 3.624s 與目標 1.486s 誤差 +143.9%，超出 ±20%
  ⚠️ 250 Hz 量測 T30 5.657s 與目標 4.111s 誤差 +37.6%，超出 ±20%
  ⚠️ 已指定 --force-low-confidence：overall confidence 為 low（geometry=low, materials=medium），使用者強制輸出，結果可信度未知。

exit=0
