/Users/musicersho/Image Reverb/.venv/lib/python3.9/site-packages/urllib3/__init__.py:35: NotOpenSSLWarning: urllib3 v2 only supports OpenSSL 1.1.1+, currently the 'ssl' module is compiled with 'LibreSSL 2.8.3'. See: https://github.com/urllib3/urllib3/issues/3020
  warnings.warn(
/Users/musicersho/Image Reverb/.venv/lib/python3.9/site-packages/transformers/image_processing_base.py:417: UserWarning: The following named arguments are not valid for `SegformerImageProcessor.__init__` and were ignored: 'feature_extractor_type', 'reduce_labels'
  image_processor = cls(**image_processor_dict)
Using a slow image processor as `use_fast` is unset and a slow processor was saved with this model. `use_fast=True` will be the default behavior in v4.52, even if the model was saved with a slow processor. This will result in minor differences in outputs. You'll still be able to use a slow processor with `use_fast=False`.
Using a slow image processor as `use_fast` is unset and a slow processor was saved with this model. `use_fast=True` will be the default behavior in v4.52, even if the model was saved with a slow processor. This will result in minor differences in outputs. You'll still be able to use a slow processor with `use_fast=False`.
Device set to use mps:0
⚠️  已指定 --force-low-confidence：overall confidence 為 low（geometry=medium, materials=low），仍強制輸出，結果可信度未知，請自行評估。
=== 照片：assets/reference_irs/mit_department_store/site_photo_department_store.png ===
環景判定：否
--- T-12 逐表面材質辨識 ---
  west     → gypsum_board    （來源：fallback）
  east     → gypsum_board    （來源：fallback）
  south    → gypsum_board    （來源：fallback）
  north    → gypsum_board    （來源：fallback）
  floor    → acoustic_panel  （來源：clip）
  ceiling  → gypsum_board    （來源：fallback）
--- T-11 幾何估計 ---
  房間尺寸：6.04×6.97×3.92 m（dims_source=metric_depth）
  confidence：geometry=medium, materials=low, overall=low
--- T-13 聲學參數 ---
  Sabine 目標 RT60：[0.59, 1.06, 0.76, 0.63, 0.52, 0.5] s
--- T-14 IR 合成 ---
已輸出：ir_mono.wav、ir_stereo.wav、analysis.json → /Users/musicersho/Image Reverb/output/site_photo_department_store
🎧 試聽檔：/Users/musicersho/Image Reverb/output/site_photo_department_store/wet_preview.wav（mix=0.6；數字合理 ≠ 聽起來對，請實聽）
  ⚠️ ceiling：CLIP top-1 機率 0.38 低於門檻 0.4，改用 fallback 'gypsum_board'
  ⚠️ wall：CLIP top-1 機率 0.34 低於門檻 0.4，改用 fallback 'gypsum_board'
  ⚠️ 單張透視照看不到背後的牆，四面牆共用同一個材質判定值。若要四面各自判定，請用 360° 環景照片（T-10 會投影出六視角）。
  ⚠️ 125 Hz 量測 T30 0.822s 與目標 0.588s 誤差 +39.9%，超出 ±20%
  ⚠️ 已指定 --force-low-confidence：overall confidence 為 low（geometry=medium, materials=low），使用者強制輸出，結果可信度未知。

exit=0
