/Users/musicersho/Image Reverb/.venv/lib/python3.9/site-packages/urllib3/__init__.py:35: NotOpenSSLWarning: urllib3 v2 only supports OpenSSL 1.1.1+, currently the 'ssl' module is compiled with 'LibreSSL 2.8.3'. See: https://github.com/urllib3/urllib3/issues/3020
  warnings.warn(
/Users/musicersho/Image Reverb/.venv/lib/python3.9/site-packages/transformers/image_processing_base.py:417: UserWarning: The following named arguments are not valid for `SegformerImageProcessor.__init__` and were ignored: 'feature_extractor_type', 'reduce_labels'
  image_processor = cls(**image_processor_dict)
Using a slow image processor as `use_fast` is unset and a slow processor was saved with this model. `use_fast=True` will be the default behavior in v4.52, even if the model was saved with a slow processor. This will result in minor differences in outputs. You'll still be able to use a slow processor with `use_fast=False`.
Using a slow image processor as `use_fast` is unset and a slow processor was saved with this model. `use_fast=True` will be the default behavior in v4.52, even if the model was saved with a slow processor. This will result in minor differences in outputs. You'll still be able to use a slow processor with `use_fast=False`.
Device set to use mps:0
⚠️  已指定 --force-low-confidence：overall confidence 為 low（geometry=low, materials=low），仍強制輸出，結果可信度未知，請自行評估。
=== 照片：assets/reference_irs/mit_gym/site_photo_gym.png ===
環景判定：否
--- T-12 逐表面材質辨識 ---
  west     → gypsum_board    （來源：out_of_domain）
  east     → gypsum_board    （來源：out_of_domain）
  south    → gypsum_board    （來源：out_of_domain）
  north    → gypsum_board    （來源：out_of_domain）
  floor    → acoustic_panel  （來源：clip）
  ceiling  → gypsum_board    （來源：-）
--- T-11 幾何估計 ---
  房間尺寸：5.01×5.79×3.26 m（dims_source=metric_depth）
  confidence：geometry=low, materials=low, overall=low
--- T-13 聲學參數 ---
  Sabine 目標 RT60：[0.49, 0.88, 0.63, 0.52, 0.43, 0.42] s
--- T-14 IR 合成 ---
已輸出：ir_mono.wav、ir_stereo.wav、analysis.json → /Users/musicersho/Image Reverb/output/site_photo_gym
🎧 試聽檔：/Users/musicersho/Image Reverb/output/site_photo_gym/wet_preview.wav（mix=0.6；數字合理 ≠ 聽起來對，請實聽）
  ⚠️ T-12 的材質分類判定這不是建築表面（vehicle_interior）——這不是一個可以用 ShoeBox 房間模型描述的空間，尺寸數字不可信 → confidence: low。
  ⚠️ wall：CLIP 認為這塊區域最像「vehicle_interior」（機率 0.52）而非任何建築材質——模型認不出這是建築表面，改用 fallback 'gypsum_board'。這個空間的材質判定不可信，請人工用 --materials 覆寫。
  ⚠️ 單張透視照看不到背後的牆，四面牆共用同一個材質判定值。若要四面各自判定，請用 360° 環景照片（T-10 會投影出六視角）。
  ⚠️ 125 Hz 量測 T30 0.693s 與目標 0.488s 誤差 +42.0%，超出 ±20%
  ⚠️ 已指定 --force-low-confidence：overall confidence 為 low（geometry=low, materials=low），使用者強制輸出，結果可信度未知。

exit=0
