/Users/musicersho/Image Reverb/.venv/lib/python3.9/site-packages/urllib3/__init__.py:35: NotOpenSSLWarning: urllib3 v2 only supports OpenSSL 1.1.1+, currently the 'ssl' module is compiled with 'LibreSSL 2.8.3'. See: https://github.com/urllib3/urllib3/issues/3020
  warnings.warn(
/Users/musicersho/Image Reverb/.venv/lib/python3.9/site-packages/transformers/image_processing_base.py:417: UserWarning: The following named arguments are not valid for `SegformerImageProcessor.__init__` and were ignored: 'feature_extractor_type', 'reduce_labels'
  image_processor = cls(**image_processor_dict)
Using a slow image processor as `use_fast` is unset and a slow processor was saved with this model. `use_fast=True` will be the default behavior in v4.52, even if the model was saved with a slow processor. This will result in minor differences in outputs. You'll still be able to use a slow processor with `use_fast=False`.
Using a slow image processor as `use_fast` is unset and a slow processor was saved with this model. `use_fast=True` will be the default behavior in v4.52, even if the model was saved with a slow processor. This will result in minor differences in outputs. You'll still be able to use a slow processor with `use_fast=False`.
Device set to use mps:0
⚠️  已指定 --force-low-confidence：overall confidence 為 low（geometry=low, materials=low），仍強制輸出，結果可信度未知，請自行評估。
=== 照片：assets/reference_irs/mit_restaurant/site_photo_restaurant.png ===
環景判定：否
--- T-12 逐表面材質辨識 ---
  west     → gypsum_board    （來源：fallback）
  east     → gypsum_board    （來源：fallback）
  south    → gypsum_board    （來源：fallback）
  north    → gypsum_board    （來源：fallback）
  floor    → gypsum_board    （來源：-）
  ceiling  → curtain_fabric  （來源：clip）
--- T-11 幾何估計 ---
  房間尺寸：2.77×3.20×2.00 m（dims_source=metric_depth）
  confidence：geometry=low, materials=low, overall=low
--- T-13 聲學參數 ---
  Sabine 目標 RT60：[0.27, 0.45, 0.44, 0.37, 0.33, 0.32] s
  陳設偵測（預設觀測模式，未套用；--furnishings 可啟用）：
    seat       佔比  20.2%
--- T-14 IR 合成 ---
已輸出：ir_mono.wav、ir_stereo.wav、analysis.json → /Users/musicersho/Image Reverb/output/site_photo_restaurant
🎧 試聽檔：/Users/musicersho/Image Reverb/output/site_photo_restaurant/wet_preview.wav（mix=0.6；數字合理 ≠ 聽起來對，請實聽）
  ⚠️ 由 FOV 推出的高度 1.80m 超出合理範圍 [2.0, 20.0]m，已 clamp；單張照片推高度本來就很弱（相機仰角未知）。
  ⚠️ 地板可見度只有 0.0%（門檻 2%）——看不到地面就無法建立空間範圍，深度只量到最近的遮蔽物，估出的尺寸是**下限**而非實際房間大小 → confidence: low。
  ⚠️ wall：CLIP top-1 機率 0.35 低於門檻 0.4，改用 fallback 'gypsum_board'
  ⚠️ 單張透視照看不到背後的牆，四面牆共用同一個材質判定值。若要四面各自判定，請用 360° 環景照片（T-10 會投影出六視角）。
  ⚠️ 125 Hz 量測 T30 0.396s 與目標 0.266s 誤差 +49.0%，超出 ±20%
  ⚠️ 已指定 --force-low-confidence：overall confidence 為 low（geometry=low, materials=low），使用者強制輸出，結果可信度未知。

exit=0
