/Users/musicersho/Image Reverb/.venv/lib/python3.9/site-packages/urllib3/__init__.py:35: NotOpenSSLWarning: urllib3 v2 only supports OpenSSL 1.1.1+, currently the 'ssl' module is compiled with 'LibreSSL 2.8.3'. See: https://github.com/urllib3/urllib3/issues/3020
  warnings.warn(
/Users/musicersho/Image Reverb/.venv/lib/python3.9/site-packages/transformers/image_processing_base.py:417: UserWarning: The following named arguments are not valid for `SegformerImageProcessor.__init__` and were ignored: 'feature_extractor_type', 'reduce_labels'
  image_processor = cls(**image_processor_dict)
Using a slow image processor as `use_fast` is unset and a slow processor was saved with this model. `use_fast=True` will be the default behavior in v4.52, even if the model was saved with a slow processor. This will result in minor differences in outputs. You'll still be able to use a slow processor with `use_fast=False`.
Using a slow image processor as `use_fast` is unset and a slow processor was saved with this model. `use_fast=True` will be the default behavior in v4.52, even if the model was saved with a slow processor. This will result in minor differences in outputs. You'll still be able to use a slow processor with `use_fast=False`.
Device set to use mps:0
⚠️  已指定 --force-low-confidence：overall confidence 為 low（geometry=low, materials=low），仍強制輸出，結果可信度未知，請自行評估。
=== 照片：assets/reference_irs/tunnel_to_hell/TunnelToHell.jpg ===
環景判定：否
--- T-12 逐表面材質辨識 ---
  west     → gypsum_board    （來源：fallback）
  east     → gypsum_board    （來源：fallback）
  south    → gypsum_board    （來源：fallback）
  north    → gypsum_board    （來源：fallback）
  floor    → gypsum_board    （來源：out_of_domain）
  ceiling  → gypsum_board    （來源：fallback）
--- T-11 幾何估計 ---
  房間尺寸：15.76×18.19×9.53 m（dims_source=metric_depth）
  confidence：geometry=low, materials=low, overall=low
--- T-13 聲學參數 ---
  Sabine 目標 RT60：[1.24, 3.51, 6.51, 7.36, 4.23, 2.84] s
--- T-14 IR 合成 ---
已輸出：ir_mono.wav、ir_stereo.wav、analysis.json → /Users/musicersho/Image Reverb/output/TunnelToHell
🎧 試聽檔：/Users/musicersho/Image Reverb/output/TunnelToHell/wet_preview.wav（mix=0.6；數字合理 ≠ 聽起來對，請實聽）
  ⚠️ 超出已驗證量程（適用範圍 ≤10m；length_m=15.8m、width_m=18.2m）——metric depth 模型實證天花板約 20m，且量程壓縮在天花板之前就開始（走廊實際 30m 被壓成 12.8m），超過此門檻的估值無法區分「真的 10–20m」與「被壓縮的 30m+」，數字不可信 → confidence: low。建議用 --override-dims 指定實際尺寸，或改用 360° 環景照片輸入。
  ⚠️ T-12 的材質分類判定這不是建築表面（person）——這不是一個可以用 ShoeBox 房間模型描述的空間，尺寸數字不可信 → confidence: low。
  ⚠️ floor：CLIP 認為這塊區域最像「person」（機率 0.35）而非任何建築材質——模型認不出這是建築表面，改用 fallback 'gypsum_board'。這個空間的材質判定不可信，請人工用 --materials 覆寫。
  ⚠️ ceiling：CLIP top-1 機率 0.24 低於門檻 0.4，改用 fallback 'gypsum_board'
  ⚠️ wall：CLIP top-1 機率 0.21 低於門檻 0.4，改用 fallback 'gypsum_board'
  ⚠️ 單張透視照看不到背後的牆，四面牆共用同一個材質判定值。若要四面各自判定，請用 360° 環景照片（T-10 會投影出六視角）。
  ⚠️ 六個面被判成同一種材質——這是約束 A 要避免的退化情況，請人工檢查／用 --materials 覆寫。
  ⚠️ 125 Hz 量測 T30 3.077s 與目標 1.239s 誤差 +148.4%，超出 ±20%
  ⚠️ 250 Hz 量測 T30 5.440s 與目標 3.509s 誤差 +55.0%，超出 ±20%
  ⚠️ 2000 Hz 量測 T30 5.422s 與目標 4.228s 誤差 +28.2%，超出 ±20%
  ⚠️ 已指定 --force-low-confidence：overall confidence 為 low（geometry=low, materials=low），使用者強制輸出，結果可信度未知。

exit=0
